2026-08-29 09:38:02.549: [INFO] CurrentProfilePath: D:\AI\AiDev\ForumProject\ForumClient\bin\Debug\net10.0\ForumClient.exe.WebView2\EBWebView\Default
2026-08-29 09:38:02.549: [INFO] Profiles total count: 1
2026-08-29 09:38:02.549: [INFO] Profile: name=Профиль 1 path=D:\AI\AiDev\ForumProject\ForumClient\bin\Debug\net10.0\ForumClient.exe.WebView2\EBWebView\Default lastActive=null
2026-08-29 09:38:02.549: [INFO] LastUsedProfileDir: D:\AI\AiDev\ForumProject\ForumClient\bin\Debug\net10.0\ForumClient.exe.WebView2\EBWebView\Default
2026-08-29 09:38:02.549: [INFO] OnDoneLoading sync enabled: 0
2026-08-29 09:38:02.549: [INFO] BookmarkModelLoaded, ids_reassigned: 0
2026-08-29 09:38:02.549: [INFO] BookmarksLoadDropped droppedNodes=0
2026-08-29 09:38:02.549: [INFO] BookmarksSnapshot Startup total=0 bar=0 other=0 mobile=0 showBar=0 showBarNTP=1
2026-08-29 09:38:13.312: [INFO] BookmarksSnapshot Shutdown total=0 bar=0 other=0 mobile=0 showBar=0 showBarNTP=1
2026-08-29 10:59:56.550: [INFO] CurrentProfilePath: D:\AI\AiDev\ForumProject\ForumClient\bin\Debug\net10.0\ForumClient.exe.WebView2\EBWebView\Default
2026-08-29 10:59:56.550: [INFO] Profiles total count: 1
2026-08-29 10:59:56.553: [INFO] Profile: name=Профиль 1 path=D:\AI\AiDev\ForumProject\ForumClient\bin\Debug\net10.0\ForumClient.exe.WebView2\EBWebView\Default lastActive=2026-08-29T09:38:11.914Z
2026-08-29 10:59:56.553: [INFO] LastUsedProfileDir: D:\AI\AiDev\ForumProject\ForumClient\bin\Debug\net10.0\ForumClient.exe.WebView2\EBWebView\Default
2026-08-29 10:59:56.553: [INFO] MostRecentlyActiveProfile: name=Профиль 1 path=D:\AI\AiDev\ForumProject\ForumClient\bin\Debug\net10.0\ForumClient.exe.WebView2\EBWebView\Default lastActive=2026-08-29T09:38:11.914Z
2026-08-29 10:59:56.553: [INFO] OnDoneLoading sync enabled: 0
2026-08-29 10:59:56.553: [INFO] BookmarkModelLoaded, ids_reassigned: 0
2026-08-29 10:59:56.553: [INFO] BookmarksLoadDropped droppedNodes=0
2026-08-29 10:59:56.553: [INFO] BookmarksSnapshot Startup total=0 bar=0 other=0 mobile=0 showBar=0 showBarNTP=1
2026-08-29 11:02:22.463: [INFO] BookmarksSnapshot Shutdown total=0 bar=0 other=0 mobile=0 showBar=0 showBarNTP=1
2026-08-29 11:08:21.481: [INFO] CurrentProfilePath: D:\AI\AiDev\ForumProject\ForumClient\bin\Debug\net10.0\ForumClient.exe.WebView2\EBWebView\Default
2026-08-29 11:08:21.482: [INFO] Profiles total count: 1
2026-08-29 11:08:21.482: [INFO] Profile: name=Профиль 1 path=D:\AI\AiDev\ForumProject\ForumClient\bin\Debug\net10.0\ForumClient.exe.WebView2\EBWebView\Default lastActive=2026-08-29T11:01:28.167Z
2026-08-29 11:08:21.482: [INFO] LastUsedProfileDir: D:\AI\AiDev\ForumProject\ForumClient\bin\Debug\net10.0\ForumClient.exe.WebView2\EBWebView\Default
2026-08-29 11:08:21.482: [INFO] MostRecentlyActiveProfile: name=Профиль 1 path=D:\AI\AiDev\ForumProject\ForumClient\bin\Debug\net10.0\ForumClient.exe.WebView2\EBWebView\Default lastActive=2026-08-29T11:01:28.167Z
2026-08-29 11:08:21.482: [INFO] OnDoneLoading sync enabled: 0
2026-08-29 11:08:21.482: [INFO] BookmarkModelLoaded, ids_reassigned: 0
2026-08-29 11:08:21.482: [INFO] BookmarksLoadDropped droppedNodes=0
2026-08-29 11:08:21.482: [INFO] BookmarksSnapshot Startup total=0 bar=0 other=0 mobile=0 showBar=0 showBarNTP=1
2026-08-29 11:08:55.071: [INFO] BookmarksSnapshot Shutdown total=0 bar=0 other=0 mobile=0 showBar=0 showBarNTP=1
2026-08-29 11:09:11.136: [INFO] CurrentProfilePath: D:\AI\AiDev\ForumProject\ForumClient\bin\Debug\net10.0\ForumClient.exe.WebView2\EBWebView\Default
2026-08-29 11:09:11.136: [INFO] Profiles total count: 1
2026-08-29 11:09:11.136: [INFO] Profile: name=Профиль 1 path=D:\AI\AiDev\ForumProject\ForumClient\bin\Debug\net10.0\ForumClient.exe.WebView2\EBWebView\Default lastActive=2026-08-29T11:01:28.167Z
2026-08-29 11:09:11.136: [INFO] LastUsedProfileDir: D:\AI\AiDev\ForumProject\ForumClient\bin\Debug\net10.0\ForumClient.exe.WebView2\EBWebView\Default
2026-08-29 11:09:11.136: [INFO] MostRecentlyActiveProfile: name=Профиль 1 path=D:\AI\AiDev\ForumProject\ForumClient\bin\Debug\net10.0\ForumClient.exe.WebView2\EBWebView\Default lastActive=2026-08-29T11:01:28.167Z
2026-08-29 11:09:11.137: [INFO] OnDoneLoading sync enabled: 0
2026-08-29 11:09:11.137: [INFO] BookmarkModelLoaded, ids_reassigned: 0
2026-08-29 11:09:11.137: [INFO] BookmarksLoadDropped droppedNodes=0
2026-08-29 11:09:11.137: [INFO] BookmarksSnapshot Startup total=0 bar=0 other=0 mobile=0 showBar=0 showBarNTP=1
2026-08-29 11:10:47.613: [INFO] BookmarksSnapshot Shutdown total=0 bar=0 other=0 mobile=0 showBar=0 showBarNTP=1
2026-08-29 11:10:58.520: [INFO] CurrentProfilePath: D:\AI\AiDev\ForumProject\ForumClient\bin\Debug\net10.0\ForumClient.exe.WebView2\EBWebView\Default
2026-08-29 11:10:58.520: [INFO] Profiles total count: 1
2026-08-29 11:10:58.521: [INFO] Profile: name=Профиль 1 path=D:\AI\AiDev\ForumProject\ForumClient\bin\Debug\net10.0\ForumClient.exe.WebView2\EBWebView\Default lastActive=2026-08-29T11:01:28.167Z
2026-08-29 11:10:58.521: [INFO] LastUsedProfileDir: D:\AI\AiDev\ForumProject\ForumClient\bin\Debug\net10.0\ForumClient.exe.WebView2\EBWebView\Default
2026-08-29 11:10:58.521: [INFO] MostRecentlyActiveProfile: name=Профиль 1 path=D:\AI\AiDev\ForumProject\ForumClient\bin\Debug\net10.0\ForumClient.exe.WebView2\EBWebView\Default lastActive=2026-08-29T11:01:28.167Z
2026-08-29 11:10:58.521: [INFO] OnDoneLoading sync enabled: 0
2026-08-29 11:10:58.521: [INFO] BookmarkModelLoaded, ids_reassigned: 0
2026-08-29 11:10:58.521: [INFO] BookmarksLoadDropped droppedNodes=0
2026-08-29 11:10:58.521: [INFO] BookmarksSnapshot Startup total=0 bar=0 other=0 mobile=0 showBar=0 showBarNTP=1
2026-08-29 11:14:50.045: [INFO] BookmarksSnapshot Shutdown total=0 bar=0 other=0 mobile=0 showBar=0 showBarNTP=1
2026-08-29 11:19:58.857: [INFO] CurrentProfilePath: D:\AI\AiDev\ForumProject\ForumClient\bin\Debug\net10.0\ForumClient.exe.WebView2\EBWebView\Default
2026-08-29 11:19:58.857: [INFO] Profiles total count: 1
2026-08-29 11:19:58.858: [INFO] Profile: name=Профиль 1 path=D:\AI\AiDev\ForumProject\ForumClient\bin\Debug\net10.0\ForumClient.exe.WebView2\EBWebView\Default lastActive=2026-08-29T11:01:28.167Z
2026-08-29 11:19:58.858: [INFO] LastUsedProfileDir: D:\AI\AiDev\ForumProject\ForumClient\bin\Debug\net10.0\ForumClient.exe.WebView2\EBWebView\Default
2026-08-29 11:19:58.858: [INFO] MostRecentlyActiveProfile: name=Профиль 1 path=D:\AI\AiDev\ForumProject\ForumClient\bin\Debug\net10.0\ForumClient.exe.WebView2\EBWebView\Default lastActive=2026-08-29T11:01:28.167Z
2026-08-29 11:19:58.858: [INFO] OnDoneLoading sync enabled: 0
2026-08-29 11:19:58.858: [INFO] BookmarkModelLoaded, ids_reassigned: 0
2026-08-29 11:19:58.858: [INFO] BookmarksLoadDropped droppedNodes=0
2026-08-29 11:19:58.858: [INFO] BookmarksSnapshot Startup total=0 bar=0 other=0 mobile=0 showBar=0 showBarNTP=1
2026-08-29 11:20:07.792: [INFO] BookmarksSnapshot Shutdown total=0 bar=0 other=0 mobile=0 showBar=0 showBarNTP=1
2026-08-29 11:24:17.051: [INFO] CurrentProfilePath: D:\AI\AiDev\ForumProject\ForumClient\bin\Debug\net10.0\ForumClient.exe.WebView2\EBWebView\Default
2026-08-29 11:24:17.051: [INFO] Profiles total count: 1
2026-08-29 11:24:17.051: [INFO] Profile: name=Профиль 1 path=D:\AI\AiDev\ForumProject\ForumClient\bin\Debug\net10.0\ForumClient.exe.WebView2\EBWebView\Default lastActive=2026-08-29T11:01:28.167Z
2026-08-29 11:24:17.051: [INFO] LastUsedProfileDir: D:\AI\AiDev\ForumProject\ForumClient\bin\Debug\net10.0\ForumClient.exe.WebView2\EBWebView\Default
2026-08-29 11:24:17.051: [INFO] MostRecentlyActiveProfile: name=Профиль 1 path=D:\AI\AiDev\ForumProject\ForumClient\bin\Debug\net10.0\ForumClient.exe.WebView2\EBWebView\Default lastActive=2026-08-29T11:01:28.167Z
2026-08-29 11:24:17.051: [INFO] OnDoneLoading sync enabled: 0
2026-08-29 11:24:17.051: [INFO] BookmarkModelLoaded, ids_reassigned: 0
2026-08-29 11:24:17.051: [INFO] BookmarksLoadDropped droppedNodes=0
2026-08-29 11:24:17.051: [INFO] BookmarksSnapshot Startup total=0 bar=0 other=0 mobile=0 showBar=0 showBarNTP=1
2026-08-29 11:24:32.180: [INFO] BookmarksSnapshot Shutdown total=0 bar=0 other=0 mobile=0 showBar=0 showBarNTP=1
2026-08-29 11:25:18.375: [INFO] CurrentProfilePath: D:\AI\AiDev\ForumProject\ForumClient\bin\Debug\net10.0\ForumClient.exe.WebView2\EBWebView\Default
2026-08-29 11:25:18.375: [INFO] Profiles total count: 1
2026-08-29 11:25:18.375: [INFO] Profile: name=Профиль 1 path=D:\AI\AiDev\ForumProject\ForumClient\bin\Debug\net10.0\ForumClient.exe.WebView2\EBWebView\Default lastActive=2026-08-29T11:01:28.167Z
2026-08-29 11:25:18.375: [INFO] LastUsedProfileDir: D:\AI\AiDev\ForumProject\ForumClient\bin\Debug\net10.0\ForumClient.exe.WebView2\EBWebView\Default
2026-08-29 11:25:18.375: [INFO] MostRecentlyActiveProfile: name=Профиль 1 path=D:\AI\AiDev\ForumProject\ForumClient\bin\Debug\net10.0\ForumClient.exe.WebView2\EBWebView\Default lastActive=2026-08-29T11:01:28.167Z
2026-08-29 11:25:18.375: [INFO] OnDoneLoading sync enabled: 0
2026-08-29 11:25:18.375: [INFO] BookmarkModelLoaded, ids_reassigned: 0
2026-08-29 11:25:18.375: [INFO] BookmarksLoadDropped droppedNodes=0
2026-08-29 11:25:18.375: [INFO] BookmarksSnapshot Startup total=0 bar=0 other=0 mobile=0 showBar=0 showBarNTP=1
2026-08-29 11:25:33.538: [INFO] BookmarksSnapshot Shutdown total=0 bar=0 other=0 mobile=0 showBar=0 showBarNTP=1
2026-08-29 11:31:20.905: [INFO] CurrentProfilePath: D:\AI\AiDev\ForumProject\ForumClient\bin\Debug\net10.0\ForumClient.exe.WebView2\EBWebView\Default
2026-08-29 11:31:20.905: [INFO] Profiles total count: 1
2026-08-29 11:31:20.906: [INFO] Profile: name=Профиль 1 path=D:\AI\AiDev\ForumProject\ForumClient\bin\Debug\net10.0\ForumClient.exe.WebView2\EBWebView\Default lastActive=2026-08-29T11:01:28.167Z
2026-08-29 11:31:20.906: [INFO] LastUsedProfileDir: D:\AI\AiDev\ForumProject\ForumClient\bin\Debug\net10.0\ForumClient.exe.WebView2\EBWebView\Default
2026-08-29 11:31:20.906: [INFO] MostRecentlyActiveProfile: name=Профиль 1 path=D:\AI\AiDev\ForumProject\ForumClient\bin\Debug\net10.0\ForumClient.exe.WebView2\EBWebView\Default lastActive=2026-08-29T11:01:28.167Z
2026-08-29 11:31:20.906: [INFO] OnDoneLoading sync enabled: 0
2026-08-29 11:31:20.906: [INFO] BookmarkModelLoaded, ids_reassigned: 0
2026-08-29 11:31:20.906: [INFO] BookmarksLoadDropped droppedNodes=0
2026-08-29 11:31:20.906: [INFO] BookmarksSnapshot Startup total=0 bar=0 other=0 mobile=0 showBar=0 showBarNTP=1
2026-08-29 11:31:35.894: [INFO] BookmarksSnapshot Shutdown total=0 bar=0 other=0 mobile=0 showBar=0 showBarNTP=1
2026-08-29 11:39:44.571: [INFO] CurrentProfilePath: D:\AI\AiDev\ForumProject\ForumClient\bin\Debug\net10.0\ForumClient.exe.WebView2\EBWebView\Default
2026-08-29 11:39:44.571: [INFO] Profiles total count: 1
2026-08-29 11:39:44.571: [INFO] Profile: name=Профиль 1 path=D:\AI\AiDev\ForumProject\ForumClient\bin\Debug\net10.0\ForumClient.exe.WebView2\EBWebView\Default lastActive=2026-08-29T11:01:28.167Z
2026-08-29 11:39:44.571: [INFO] LastUsedProfileDir: D:\AI\AiDev\ForumProject\ForumClient\bin\Debug\net10.0\ForumClient.exe.WebView2\EBWebView\Default
2026-08-29 11:39:44.571: [INFO] MostRecentlyActiveProfile: name=Профиль 1 path=D:\AI\AiDev\ForumProject\ForumClient\bin\Debug\net10.0\ForumClient.exe.WebView2\EBWebView\Default lastActive=2026-08-29T11:01:28.167Z
2026-08-29 11:39:44.571: [INFO] OnDoneLoading sync enabled: 0
2026-08-29 11:39:44.571: [INFO] BookmarkModelLoaded, ids_reassigned: 0
2026-08-29 11:39:44.571: [INFO] BookmarksLoadDropped droppedNodes=0
2026-08-29 11:39:44.571: [INFO] BookmarksSnapshot Startup total=0 bar=0 other=0 mobile=0 showBar=0 showBarNTP=1
2026-08-29 11:39:59.524: [INFO] BookmarksSnapshot Shutdown total=0 bar=0 other=0 mobile=0 showBar=0 showBarNTP=1
2026-08-29 11:44:22.545: [INFO] CurrentProfilePath: D:\AI\AiDev\ForumProject\ForumClient\bin\Debug\net10.0\ForumClient.exe.WebView2\EBWebView\Default
2026-08-29 11:44:22.545: [INFO] Profiles total count: 1
2026-08-29 11:44:22.545: [INFO] Profile: name=Профиль 1 path=D:\AI\AiDev\ForumProject\ForumClient\bin\Debug\net10.0\ForumClient.exe.WebView2\EBWebView\Default lastActive=2026-08-29T11:01:28.167Z
2026-08-29 11:44:22.545: [INFO] LastUsedProfileDir: D:\AI\AiDev\ForumProject\ForumClient\bin\Debug\net10.0\ForumClient.exe.WebView2\EBWebView\Default
2026-08-29 11:44:22.545: [INFO] MostRecentlyActiveProfile: name=Профиль 1 path=D:\AI\AiDev\ForumProject\ForumClient\bin\Debug\net10.0\ForumClient.exe.WebView2\EBWebView\Default lastActive=2026-08-29T11:01:28.167Z
2026-08-29 11:44:22.545: [INFO] OnDoneLoading sync enabled: 0
2026-08-29 11:44:22.545: [INFO] BookmarkModelLoaded, ids_reassigned: 0
2026-08-29 11:44:22.545: [INFO] BookmarksLoadDropped droppedNodes=0
2026-08-29 11:44:22.545: [INFO] BookmarksSnapshot Startup total=0 bar=0 other=0 mobile=0 showBar=0 showBarNTP=1
2026-08-29 11:44:43.671: [INFO] BookmarksSnapshot Shutdown total=0 bar=0 other=0 mobile=0 showBar=0 showBarNTP=1
2026-08-29 11:50:45.134: [INFO] CurrentProfilePath: D:\AI\AiDev\ForumProject\ForumClient\bin\Debug\net10.0\ForumClient.exe.WebView2\EBWebView\Default
2026-08-29 11:50:45.134: [INFO] Profiles total count: 1
2026-08-29 11:50:45.134: [INFO] Profile: name=Профиль 1 path=D:\AI\AiDev\ForumProject\ForumClient\bin\Debug\net10.0\ForumClient.exe.WebView2\EBWebView\Default lastActive=2026-08-29T11:01:28.167Z
2026-08-29 11:50:45.134: [INFO] LastUsedProfileDir: D:\AI\AiDev\ForumProject\ForumClient\bin\Debug\net10.0\ForumClient.exe.WebView2\EBWebView\Default
2026-08-29 11:50:45.134: [INFO] MostRecentlyActiveProfile: name=Профиль 1 path=D:\AI\AiDev\ForumProject\ForumClient\bin\Debug\net10.0\ForumClient.exe.WebView2\EBWebView\Default lastActive=2026-08-29T11:01:28.167Z
2026-08-29 11:50:45.134: [INFO] OnDoneLoading sync enabled: 0
2026-08-29 11:50:45.134: [INFO] BookmarkModelLoaded, ids_reassigned: 0
2026-08-29 11:50:45.134: [INFO] BookmarksLoadDropped droppedNodes=0
2026-08-29 11:50:45.134: [INFO] BookmarksSnapshot Startup total=0 bar=0 other=0 mobile=0 showBar=0 showBarNTP=1
2026-08-29 11:51:04.335: [INFO] BookmarksSnapshot Shutdown total=0 bar=0 other=0 mobile=0 showBar=0 showBarNTP=1
2026-08-29 11:51:27.928: [INFO] CurrentProfilePath: D:\AI\AiDev\ForumProject\ForumClient\bin\Debug\net10.0\ForumClient.exe.WebView2\EBWebView\Default
2026-08-29 11:51:27.928: [INFO] Profiles total count: 1
2026-08-29 11:51:27.929: [INFO] Profile: name=Профиль 1 path=D:\AI\AiDev\ForumProject\ForumClient\bin\Debug\net10.0\ForumClient.exe.WebView2\EBWebView\Default lastActive=2026-08-29T11:01:28.167Z
2026-08-29 11:51:27.929: [INFO] LastUsedProfileDir: D:\AI\AiDev\ForumProject\ForumClient\bin\Debug\net10.0\ForumClient.exe.WebView2\EBWebView\Default
2026-08-29 11:51:27.929: [INFO] MostRecentlyActiveProfile: name=Профиль 1 path=D:\AI\AiDev\ForumProject\ForumClient\bin\Debug\net10.0\ForumClient.exe.WebView2\EBWebView\Default lastActive=2026-08-29T11:01:28.167Z
2026-08-29 11:51:27.929: [INFO] OnDoneLoading sync enabled: 0
2026-08-29 11:51:27.929: [INFO] BookmarkModelLoaded, ids_reassigned: 0
2026-08-29 11:51:27.929: [INFO] BookmarksLoadDropped droppedNodes=0
2026-08-29 11:51:27.929: [INFO] BookmarksSnapshot Startup total=0 bar=0 other=0 mobile=0 showBar=0 showBarNTP=1
2026-08-29 11:51:46.900: [INFO] BookmarksSnapshot Shutdown total=0 bar=0 other=0 mobile=0 showBar=0 showBarNTP=1
2026-08-29 12:01:35.783: [INFO] CurrentProfilePath: D:\AI\AiDev\ForumProject\ForumClient\bin\Debug\net10.0\ForumClient.exe.WebView2\EBWebView\Default
2026-08-29 12:01:35.783: [INFO] Profiles total count: 1
2026-08-29 12:01:35.784: [INFO] Profile: name=Профиль 1 path=D:\AI\AiDev\ForumProject\ForumClient\bin\Debug\net10.0\ForumClient.exe.WebView2\EBWebView\Default lastActive=2026-08-29T11:01:28.167Z
2026-08-29 12:01:35.784: [INFO] LastUsedProfileDir: D:\AI\AiDev\ForumProject\ForumClient\bin\Debug\net10.0\ForumClient.exe.WebView2\EBWebView\Default
2026-08-29 12:01:35.784: [INFO] MostRecentlyActiveProfile: name=Профиль 1 path=D:\AI\AiDev\ForumProject\ForumClient\bin\Debug\net10.0\ForumClient.exe.WebView2\EBWebView\Default lastActive=2026-08-29T11:01:28.167Z
2026-08-29 12:01:35.784: [INFO] OnDoneLoading sync enabled: 0
2026-08-29 12:01:35.784: [INFO] BookmarkModelLoaded, ids_reassigned: 0
2026-08-29 12:01:35.784: [INFO] BookmarksLoadDropped droppedNodes=0
2026-08-29 12:01:35.784: [INFO] BookmarksSnapshot Startup total=0 bar=0 other=0 mobile=0 showBar=0 showBarNTP=1
2026-08-29 12:01:48.794: [INFO] BookmarksSnapshot Shutdown total=0 bar=0 other=0 mobile=0 showBar=0 showBarNTP=1
2026-08-29 13:39:14.749: [INFO] CurrentProfilePath: D:\AI\AiDev\ForumProject\ForumClient\bin\Debug\net10.0\ForumClient.exe.WebView2\EBWebView\Default
2026-08-29 13:39:14.749: [INFO] Profiles total count: 1
2026-08-29 13:39:14.750: [INFO] Profile: name=Профиль 1 path=D:\AI\AiDev\ForumProject\ForumClient\bin\Debug\net10.0\ForumClient.exe.WebView2\EBWebView\Default lastActive=2026-08-29T11:01:28.167Z
2026-08-29 13:39:14.750: [INFO] LastUsedProfileDir: D:\AI\AiDev\ForumProject\ForumClient\bin\Debug\net10.0\ForumClient.exe.WebView2\EBWebView\Default
2026-08-29 13:39:14.750: [INFO] MostRecentlyActiveProfile: name=Профиль 1 path=D:\AI\AiDev\ForumProject\ForumClient\bin\Debug\net10.0\ForumClient.exe.WebView2\EBWebView\Default lastActive=2026-08-29T11:01:28.167Z
2026-08-29 13:39:14.750: [INFO] OnDoneLoading sync enabled: 0
2026-08-29 13:39:14.750: [INFO] BookmarkModelLoaded, ids_reassigned: 0
2026-08-29 13:39:14.750: [INFO] BookmarksLoadDropped droppedNodes=0
2026-08-29 13:39:14.750: [INFO] BookmarksSnapshot Startup total=0 bar=0 other=0 mobile=0 showBar=0 showBarNTP=1
2026-08-29 13:41:31.931: [INFO] BookmarksSnapshot Shutdown total=0 bar=0 other=0 mobile=0 showBar=0 showBarNTP=1
